32
28
31
29
35
30
17
31
24
27
33
32
41
14
18
49
16
15
15
19
18
39
14
24
16
30
17
38
18
40
23
42
29
53
16
14
22
21
18
16
23
34
15
17
16
28
15
14
18
18
